// Vitest Snapshot v1, https://vitest.dev/guide/snapshot.html

exports[`Moonbeam <> Ethereum > XCM V3 > Transfer Snowbridge WETH from Moonbeam to Ethereum > Moonbeam xcm message sent 1`] = `
[
  {
    "data": {
      "outcome": {
        "Complete": {
          "used": {
            "proofSize": "(rounded 19000)",
            "refTime": "(rounded 7700000000)",
          },
        },
      },
    },
    "method": "Attempted",
    "section": "polkadotXcm",
  },
  {
    "data": {
      "fees": [],
      "paying": {
        "interior": {
          "X1": [
            {
              "AccountKey20": {
                "key": "0xf24ff3a9cf04c71dbc94d0b566f7a27b94566cac",
                "network": "Polkadot",
              },
            },
          ],
        },
        "parents": 0,
      },
    },
    "method": "FeesPaid",
    "section": "polkadotXcm",
  },
  {
    "data": {
      "destination": {
        "interior": {
          "X1": [
            {
              "Parachain": 1000,
            },
          ],
        },
        "parents": 1,
      },
      "message": [
        {
          "WithdrawAsset": [
            {
              "fun": {
                "Fungible": 100000000000,
              },
              "id": {
                "interior": "Here",
                "parents": 1,
              },
            },
            {
              "fun": {
                "Fungible": 750000000000000,
              },
              "id": {
                "interior": {
                  "X2": [
                    {
                      "GlobalConsensus": {
                        "Ethereum": {
                          "chainId": 1,
                        },
                      },
                    },
                    {
                      "AccountKey20": {
                        "key": "0xc02aaa39b223fe8d0a0e5c4f27ead9083c756cc2",
                        "network": null,
                      },
                    },
                  ],
                },
                "parents": 2,
              },
            },
          ],
        },
        "ClearOrigin",
        {
          "BuyExecution": {
            "fees": {
              "fun": {
                "Fungible": 100000000000,
              },
              "id": {
                "interior": "Here",
                "parents": 1,
              },
            },
            "weightLimit": "Unlimited",
          },
        },
        {
          "SetAppendix": [
            {
              "DepositAsset": {
                "assets": {
                  "Wild": "All",
                },
                "beneficiary": {
                  "interior": {
                    "X1": [
                      {
                        "AccountId32": {
                          "id": "(hash)",
                          "network": null,
                        },
                      },
                    ],
                  },
                  "parents": 0,
                },
              },
            },
          ],
        },
        {
          "InitiateReserveWithdraw": {
            "assets": {
              "Wild": {
                "AllOf": {
                  "fun": "Fungible",
                  "id": {
                    "interior": {
                      "X2": [
                        {
                          "GlobalConsensus": {
                            "Ethereum": {
                              "chainId": 1,
                            },
                          },
                        },
                        {
                          "AccountKey20": {
                            "key": "0xc02aaa39b223fe8d0a0e5c4f27ead9083c756cc2",
                            "network": null,
                          },
                        },
                      ],
                    },
                    "parents": 2,
                  },
                },
              },
            },
            "reserve": {
              "interior": {
                "X1": [
                  {
                    "GlobalConsensus": {
                      "Ethereum": {
                        "chainId": 1,
                      },
                    },
                  },
                ],
              },
              "parents": 2,
            },
            "xcm": [
              {
                "BuyExecution": {
                  "fees": {
                    "fun": {
                      "Fungible": 1,
                    },
                    "id": {
                      "interior": {
                        "X1": [
                          {
                            "AccountKey20": {
                              "key": "0xc02aaa39b223fe8d0a0e5c4f27ead9083c756cc2",
                              "network": null,
                            },
                          },
                        ],
                      },
                      "parents": 0,
                    },
                  },
                  "weightLimit": "Unlimited",
                },
              },
              {
                "DepositAsset": {
                  "assets": {
                    "Wild": {
                      "AllCounted": 1,
                    },
                  },
                  "beneficiary": {
                    "interior": {
                      "X1": [
                        {
                          "AccountKey20": {
                            "key": "0xf24ff3a9cf04c71dbc94d0b566f7a27b94566cac",
                            "network": null,
                          },
                        },
                      ],
                    },
                    "parents": 0,
                  },
                },
              },
              {
                "SetTopic": 0,
              },
            ],
          },
        },
        {
          "SetTopic": 0,
        },
      ],
      "messageId": "(redacted)",
      "origin": {
        "interior": {
          "X1": [
            {
              "AccountKey20": {
                "key": "0xf24ff3a9cf04c71dbc94d0b566f7a27b94566cac",
                "network": "Polkadot",
              },
            },
          ],
        },
        "parents": 0,
      },
    },
    "method": "Sent",
    "section": "polkadotXcm",
  },
]
`;

exports[`Moonbeam <> Ethereum > XCM V3 > Transfer Snowbridge WETH from Moonbeam to Ethereum > assetHub xcmp message sent 1`] = `
[
  {
    "data": {
      "messageHash": "(hash)",
    },
    "method": "XcmpMessageSent",
    "section": "xcmpQueue",
  },
]
`;

exports[`Moonbeam <> Ethereum > XCM V3 > Transfer Snowbridge WETH from Moonbeam to Ethereum > assethub foreign assets burned 1`] = `
[
  {
    "data": {
      "assetId": {
        "interior": {
          "X2": [
            {
              "GlobalConsensus": {
                "Ethereum": {
                  "chainId": 1,
                },
              },
            },
            {
              "AccountKey20": {
                "key": "0xc02aaa39b223fe8d0a0e5c4f27ead9083c756cc2",
                "network": null,
              },
            },
          ],
        },
        "parents": 2,
      },
      "balance": 750000000000000,
      "owner": "13cKp89NgPL56sRoVRpBcjkGZPrk4Vf4tS6ePUD96XhAXozG",
    },
    "method": "Burned",
    "section": "foreignAssets",
  },
]
`;

exports[`Moonbeam <> Ethereum > XCM V3 > Transfer Snowbridge WETH from Moonbeam to Ethereum > bridgehub ethereum outbound queue events 1`] = `
[
  {
    "data": {
      "id": 0,
    },
    "method": "MessageQueued",
    "section": "ethereumOutboundQueue",
  },
  {
    "data": {
      "id": 0,
      "nonce": "(redacted)",
    },
    "method": "MessageAccepted",
    "section": "ethereumOutboundQueue",
  },
  {
    "data": {
      "count": 1,
      "root": "(hash)",
    },
    "method": "MessagesCommitted",
    "section": "ethereumOutboundQueue",
  },
]
`;

exports[`Moonbeam <> Ethereum > XCM V4 > Transfer Snowbridge WETH from Moonbeam to Ethereum > Moonbeam xcm message sent 1`] = `
[
  {
    "data": {
      "outcome": {
        "Complete": {
          "used": {
            "proofSize": "(rounded 19000)",
            "refTime": "(rounded 7700000000)",
          },
        },
      },
    },
    "method": "Attempted",
    "section": "polkadotXcm",
  },
  {
    "data": {
      "fees": [],
      "paying": {
        "interior": {
          "X1": [
            {
              "AccountKey20": {
                "key": "0xf24ff3a9cf04c71dbc94d0b566f7a27b94566cac",
                "network": "Polkadot",
              },
            },
          ],
        },
        "parents": 0,
      },
    },
    "method": "FeesPaid",
    "section": "polkadotXcm",
  },
  {
    "data": {
      "destination": {
        "interior": {
          "X1": [
            {
              "Parachain": 1000,
            },
          ],
        },
        "parents": 1,
      },
      "message": [
        {
          "WithdrawAsset": [
            {
              "fun": {
                "Fungible": 100000000000,
              },
              "id": {
                "interior": "Here",
                "parents": 1,
              },
            },
            {
              "fun": {
                "Fungible": 750000000000000,
              },
              "id": {
                "interior": {
                  "X2": [
                    {
                      "GlobalConsensus": {
                        "Ethereum": {
                          "chainId": 1,
                        },
                      },
                    },
                    {
                      "AccountKey20": {
                        "key": "0xc02aaa39b223fe8d0a0e5c4f27ead9083c756cc2",
                        "network": null,
                      },
                    },
                  ],
                },
                "parents": 2,
              },
            },
          ],
        },
        "ClearOrigin",
        {
          "BuyExecution": {
            "fees": {
              "fun": {
                "Fungible": 100000000000,
              },
              "id": {
                "interior": "Here",
                "parents": 1,
              },
            },
            "weightLimit": "Unlimited",
          },
        },
        {
          "SetAppendix": [
            {
              "DepositAsset": {
                "assets": {
                  "Wild": "All",
                },
                "beneficiary": {
                  "interior": {
                    "X1": [
                      {
                        "AccountId32": {
                          "id": "(hash)",
                          "network": null,
                        },
                      },
                    ],
                  },
                  "parents": 0,
                },
              },
            },
          ],
        },
        {
          "InitiateReserveWithdraw": {
            "assets": {
              "Wild": {
                "AllOf": {
                  "fun": "Fungible",
                  "id": {
                    "interior": {
                      "X2": [
                        {
                          "GlobalConsensus": {
                            "Ethereum": {
                              "chainId": 1,
                            },
                          },
                        },
                        {
                          "AccountKey20": {
                            "key": "0xc02aaa39b223fe8d0a0e5c4f27ead9083c756cc2",
                            "network": null,
                          },
                        },
                      ],
                    },
                    "parents": 2,
                  },
                },
              },
            },
            "reserve": {
              "interior": {
                "X1": [
                  {
                    "GlobalConsensus": {
                      "Ethereum": {
                        "chainId": 1,
                      },
                    },
                  },
                ],
              },
              "parents": 2,
            },
            "xcm": [
              {
                "BuyExecution": {
                  "fees": {
                    "fun": {
                      "Fungible": 1,
                    },
                    "id": {
                      "interior": {
                        "X1": [
                          {
                            "AccountKey20": {
                              "key": "0xc02aaa39b223fe8d0a0e5c4f27ead9083c756cc2",
                              "network": null,
                            },
                          },
                        ],
                      },
                      "parents": 0,
                    },
                  },
                  "weightLimit": "Unlimited",
                },
              },
              {
                "DepositAsset": {
                  "assets": {
                    "Wild": {
                      "AllCounted": 1,
                    },
                  },
                  "beneficiary": {
                    "interior": {
                      "X1": [
                        {
                          "AccountKey20": {
                            "key": "0xf24ff3a9cf04c71dbc94d0b566f7a27b94566cac",
                            "network": null,
                          },
                        },
                      ],
                    },
                    "parents": 0,
                  },
                },
              },
              {
                "SetTopic": 0,
              },
            ],
          },
        },
        {
          "SetTopic": 0,
        },
      ],
      "messageId": "(redacted)",
      "origin": {
        "interior": {
          "X1": [
            {
              "AccountKey20": {
                "key": "0xf24ff3a9cf04c71dbc94d0b566f7a27b94566cac",
                "network": "Polkadot",
              },
            },
          ],
        },
        "parents": 0,
      },
    },
    "method": "Sent",
    "section": "polkadotXcm",
  },
]
`;

exports[`Moonbeam <> Ethereum > XCM V4 > Transfer Snowbridge WETH from Moonbeam to Ethereum > assetHub xcmp message sent 1`] = `
[
  {
    "data": {
      "messageHash": "(hash)",
    },
    "method": "XcmpMessageSent",
    "section": "xcmpQueue",
  },
]
`;

exports[`Moonbeam <> Ethereum > XCM V4 > Transfer Snowbridge WETH from Moonbeam to Ethereum > assethub foreign assets burned 1`] = `
[
  {
    "data": {
      "assetId": {
        "interior": {
          "X2": [
            {
              "GlobalConsensus": {
                "Ethereum": {
                  "chainId": 1,
                },
              },
            },
            {
              "AccountKey20": {
                "key": "0xc02aaa39b223fe8d0a0e5c4f27ead9083c756cc2",
                "network": null,
              },
            },
          ],
        },
        "parents": 2,
      },
      "balance": 750000000000000,
      "owner": "13cKp89NgPL56sRoVRpBcjkGZPrk4Vf4tS6ePUD96XhAXozG",
    },
    "method": "Burned",
    "section": "foreignAssets",
  },
]
`;

exports[`Moonbeam <> Ethereum > XCM V4 > Transfer Snowbridge WETH from Moonbeam to Ethereum > bridgehub ethereum outbound queue events 1`] = `
[
  {
    "data": {
      "id": 0,
    },
    "method": "MessageQueued",
    "section": "ethereumOutboundQueue",
  },
  {
    "data": {
      "id": 0,
      "nonce": "(redacted)",
    },
    "method": "MessageAccepted",
    "section": "ethereumOutboundQueue",
  },
  {
    "data": {
      "count": 1,
      "root": "(hash)",
    },
    "method": "MessagesCommitted",
    "section": "ethereumOutboundQueue",
  },
]
`;
